python : C:\Users\USER\AppData\
Local\Programs\Python\Python313
\python.exe: can't open file 'C
:\\Users\\USER\\Desktop\\cursor
 file\\AI-safety\\backend\\back
end\\test_all_apis.py': [Errno 
2] No such file or directory
At line:1 char:1
+ python 
backend/test_all_apis.py > 
test_log.txt 2>&1
+ ~~~~~~~~~~~~~~~~~~~~~~~~~~~~~
~~~~~~~~~~~~~~~~~~~~~~
    + CategoryInfo          :  
   NotSpecified: (C:\Users\US  
  ER\A...le or directory:Str   
 ing) [], RemoteException
    + FullyQualifiedErrorId :  
   NativeCommandError
 
